  Determining projects to restore...
  All projects are up-to-date for restore.
  UglyToad.PdfPig.Filters.Jbig2.PdfboxJbig2 -> C:\Users\Bob\source\repos\UglyToad.PdfPig.Filters.Jbig2.PdfboxJbig2\UglyToad.PdfPig.Filters.Jbig2.PdfboxJbig2\bin\Debug\net462\UglyToad.PdfPig.Filters.Jbig2.PdfboxJbig2.dll
  UglyToad.PdfPig.Filters.Jbig2.PdfboxJbig2 -> C:\Users\Bob\source\repos\UglyToad.PdfPig.Filters.Jbig2.PdfboxJbig2\UglyToad.PdfPig.Filters.Jbig2.PdfboxJbig2\bin\Debug\net471\UglyToad.PdfPig.Filters.Jbig2.PdfboxJbig2.dll
  UglyToad.PdfPig.Filters.Jbig2.PdfboxJbig2 -> C:\Users\Bob\source\repos\UglyToad.PdfPig.Filters.Jbig2.PdfboxJbig2\UglyToad.PdfPig.Filters.Jbig2.PdfboxJbig2\bin\Debug\net8.0\UglyToad.PdfPig.Filters.Jbig2.PdfboxJbig2.dll
  UglyToad.PdfPig.Filters.Jbig2.PdfboxJbig2 -> C:\Users\Bob\source\repos\UglyToad.PdfPig.Filters.Jbig2.PdfboxJbig2\UglyToad.PdfPig.Filters.Jbig2.PdfboxJbig2\bin\Debug\net6.0\UglyToad.PdfPig.Filters.Jbig2.PdfboxJbig2.dll
  UglyToad.PdfPig.Filters.Jbig2.PdfboxJbig2 -> C:\Users\Bob\source\repos\UglyToad.PdfPig.Filters.Jbig2.PdfboxJbig2\UglyToad.PdfPig.Filters.Jbig2.PdfboxJbig2\bin\Debug\netstandard2.0\UglyToad.PdfPig.Filters.Jbig2.PdfboxJbig2.dll
  UglyToad.PdfPig.Filters.Jbig2.PdfboxJbig2.Tests -> C:\Users\Bob\source\repos\UglyToad.PdfPig.Filters.Jbig2.PdfboxJbig2\UglyToad.PdfPig.Filters.Jbig2.PdfboxJbig2.Tests\bin\Debug\net471\UglyToad.PdfPig.Filters.Jbig2.PdfboxJbig2.Tests.dll
  UglyToad.PdfPig.Filters.Jbig2.PdfboxJbig2.Tests -> C:\Users\Bob\source\repos\UglyToad.PdfPig.Filters.Jbig2.PdfboxJbig2\UglyToad.PdfPig.Filters.Jbig2.PdfboxJbig2.Tests\bin\Debug\net8.0\UglyToad.PdfPig.Filters.Jbig2.PdfboxJbig2.Tests.dll
  UglyToad.PdfPig.Filters.Jbig2.PdfboxJbig2.Tests -> C:\Users\Bob\source\repos\UglyToad.PdfPig.Filters.Jbig2.PdfboxJbig2\UglyToad.PdfPig.Filters.Jbig2.PdfboxJbig2.Tests\bin\Debug\net6.0\UglyToad.PdfPig.Filters.Jbig2.PdfboxJbig2.Tests.dll

Build succeeded.
    0 Warning(s)
    0 Error(s)

Time Elapsed 00:00:00.80
